// Jest Snapshot v1, https://goo.gl/fbAQLP

exports[`renders correctly 1`] = `
<Text
  style={
    Array [
      Object {
        "color": "#545454",
        "fontFamily": "Avenir",
        "fontSize": 14,
      },
      undefined,
    ]
  }
>
  Reset
</Text>
`;
